../Core/Src/main.c:101:6:HAL_TIM_PeriodElapsedCallback	16	static
../Core/Src/main.c:111:6:HAL_ADC_ConvCpltCallback	16	static
../Core/Src/main.c:117:6:ErrorLedBlink	8	static
../Core/Src/main.c:124:6:HAL_GPIO_EXTI_Callback	16	static
../Core/Src/main.c:151:5:main	40	static
../Core/Src/main.c:249:6:SystemClock_Config	96	static
../Core/Src/main.c:298:13:MX_ADC1_Init	48	static
../Core/Src/main.c:383:13:MX_CAN1_Init	48	static
../Core/Src/main.c:451:13:MX_DAC1_Init	48	static
../Core/Src/main.c:494:13:MX_TIM6_Init	24	static
../Core/Src/main.c:532:13:MX_USART2_UART_Init	8	static
../Core/Src/main.c:565:13:MX_DMA_Init	16	static
../Core/Src/main.c:586:13:MX_GPIO_Init	48	static
../Core/Src/main.c:714:10:dacInput	32	static
../Core/Src/main.c:777:6:Error_Handler	8	static,ignoring_inline_asm
